// Jest Snapshot v1, https://goo.gl/fbAQLP

exports[`renders correctly 1`] = `
<div
  className="App-container"
>
  <h2>
    Let's do some math!
  </h2>
  <div
    className="App"
  >
    <p
      className="show-result"
      data-testid="para-display"
    >
      0
    </p>
    <div
      className="btnGroup"
    >
      <button
        className="button"
        onClick={[Function]}
        style={
          Object {
            "backgroundColor": "#E0E0E0",
            "width": "25%",
          }
        }
        type="button"
      >
        AC
      </button>
      <button
        className="button"
        onClick={[Function]}
        style={
          Object {
            "backgroundColor": "#E0E0E0",
            "width": "25%",
          }
        }
        type="button"
      >
        +/-
      </button>
      <button
        className="button"
        onClick={[Function]}
        style={
          Object {
            "backgroundColor": "#E0E0E0",
            "width": "25%",
          }
        }
        type="button"
      >
        %
      </button>
      <button
        className="button"
        onClick={[Function]}
        style={
          Object {
            "backgroundColor": "#F3913E",
            "width": "25%",
          }
        }
        type="button"
      >
        รท
      </button>
    </div>
    <div
      className="btnGroup"
    >
      <button
        className="button"
        onClick={[Function]}
        style={
          Object {
            "backgroundColor": "#E0E0E0",
            "width": "25%",
          }
        }
        type="button"
      >
        7
      </button>
      <button
        className="button"
        onClick={[Function]}
        style={
          Object {
            "backgroundColor": "#E0E0E0",
            "width": "25%",
          }
        }
        type="button"
      >
        8
      </button>
      <button
        className="button"
        onClick={[Function]}
        style={
          Object {
            "backgroundColor": "#E0E0E0",
            "width": "25%",
          }
        }
        type="button"
      >
        9
      </button>
      <button
        className="button"
        onClick={[Function]}
        style={
          Object {
            "backgroundColor": "#F3913E",
            "width": "25%",
          }
        }
        type="button"
      >
        x
      </button>
    </div>
    <div
      className="btnGroup"
    >
      <button
        className="button"
        onClick={[Function]}
        style={
          Object {
            "backgroundColor": "#E0E0E0",
            "width": "25%",
          }
        }
        type="button"
      >
        4
      </button>
      <button
        className="button"
        onClick={[Function]}
        style={
          Object {
            "backgroundColor": "#E0E0E0",
            "width": "25%",
          }
        }
        type="button"
      >
        5
      </button>
      <button
        className="button"
        onClick={[Function]}
        style={
          Object {
            "backgroundColor": "#E0E0E0",
            "width": "25%",
          }
        }
        type="button"
      >
        6
      </button>
      <button
        className="button"
        onClick={[Function]}
        style={
          Object {
            "backgroundColor": "#F3913E",
            "width": "25%",
          }
        }
        type="button"
      >
        -
      </button>
    </div>
    <div
      className="btnGroup"
    >
      <button
        className="button"
        onClick={[Function]}
        style={
          Object {
            "backgroundColor": "#E0E0E0",
            "width": "25%",
          }
        }
        type="button"
      >
        1
      </button>
      <button
        className="button"
        onClick={[Function]}
        style={
          Object {
            "backgroundColor": "#E0E0E0",
            "width": "25%",
          }
        }
        type="button"
      >
        2
      </button>
      <button
        className="button"
        onClick={[Function]}
        style={
          Object {
            "backgroundColor": "#E0E0E0",
            "width": "25%",
          }
        }
        type="button"
      >
        3
      </button>
      <button
        className="button"
        onClick={[Function]}
        style={
          Object {
            "backgroundColor": "#F3913E",
            "width": "25%",
          }
        }
        type="button"
      >
        +
      </button>
    </div>
    <div
      className="btnGroup"
    >
      <button
        className="button"
        onClick={[Function]}
        style={
          Object {
            "backgroundColor": "#E0E0E0",
            "width": "50%",
          }
        }
        type="button"
      >
        0
      </button>
      <button
        className="button"
        onClick={[Function]}
        style={
          Object {
            "backgroundColor": "#E0E0E0",
            "width": "25%",
          }
        }
        type="button"
      >
        .
      </button>
      <button
        className="button"
        onClick={[Function]}
        style={
          Object {
            "backgroundColor": "#F3913E",
            "width": "25%",
          }
        }
        type="button"
      >
        =
      </button>
    </div>
  </div>
</div>
`;
